**********************
Windows PowerShell 脚本开始
开始时间: 20251010184710
用户名: LAPTOP-K8NT6537\Edward
RunAs 用户: LAPTOP-K8NT6537\Edward
配置名称: 
计算机: LAPTOP-K8NT6537 (Microsoft Windows NT 10.0.26100.0)
主机应用程序: C:\Windows\System32\WindowsPowerShell\v1.0\powershell.exe -NoProfile -ExecutionPolicy Bypass -File server\run_wrapper.ps1 -HttpPort 8081 -SocketPort 8080 -SkipBuild -EnsureChat
进程 ID: 82448
PSVersion: 5.1.26100.4202
PSEdition: Desktop
PSCompatibleVersions: 1.0, 2.0, 3.0, 4.0, 5.0, 5.1.26100.4202
BuildVersion: 10.0.26100.4202
CLRVersion: 4.0.30319.42000
WSManStackVersion: 3.0
PSRemotingProtocolVersion: 2.3
SerializationVersion: 1.1.0.1
**********************
=== Server Wrapper: launching run.ps1 ===
========================================
Starting Server Application (PowerShell)
========================================
Using Spring Boot HTTP port: 8081
Using Socket Server   port: 8080
Ensure chat_messages table on startup: ON
[2/2] Launching fat-jar...
java -Xms512m -Xmx1024m -XX:+UseG1GC -Djava.awt.headless=false -jar C:\Users\Edward\Desktop\test\server\target\shopping-server-1.0-SNAPSHOT.jar --server.port=8081 --socket.port=8080 --probe.db=true --probe.db.ensureChat=true
