[2025-09-22 21:57:23] [INFO] Application starting. Log: "C:/Users/Edward/Desktop/test/client/build-qt1310/dist/client.log"
[2025-09-22 21:57:23] [INFO] LoginWindow created and shown
[2025-09-22 22:21:09] [INFO] Application starting. Log: "C:/Users/Edward/Desktop/test/client/build-qt1310/dist/client.log"
[2025-09-22 22:21:09] [INFO] Connecting to 127.0.0.1:8080
[2025-09-22 22:21:09] [INFO] LoginWindow created and shown
[2025-09-22 22:21:09] [DEBUG] Connected to server
[2025-09-22 22:21:18] [INFO] sendJson "{\"password\":\"123456\",\"type\":\"login\",\"username\":\"admin\"}\n"
[2025-09-22 22:21:18] [INFO] sendJson "{\"password\":\"123456\",\"type\":\"login\",\"username\":\"admin\"}\n"
[2025-09-22 22:21:18] [INFO] onReadyRead bytes= 66
[2025-09-22 22:23:16] [INFO] Application starting. Log: "C:/Users/Edward/Desktop/test/client/build-qt1310/dist/client.log"
[2025-09-22 22:23:16] [INFO] Connecting to 127.0.0.1:8080
[2025-09-22 22:23:16] [INFO] LoginWindow created and shown
[2025-09-22 22:23:16] [DEBUG] Connected to server
[2025-09-22 22:23:25] [INFO] sendJson "{\"password\":\"12345\",\"type\":\"login\",\"username\":\"admin\"}\n"
[2025-09-22 22:23:25] [INFO] sendJson "{\"password\":\"12345\",\"type\":\"login\",\"username\":\"admin\"}\n"
[2025-09-22 22:23:25] [INFO] onReadyRead bytes= 67
[2025-09-22 22:23:28] [INFO] sendJson "{\"password\":\"123456\",\"type\":\"login\",\"username\":\"admin\"}\n"
[2025-09-22 22:23:28] [INFO] sendJson "{\"password\":\"123456\",\"type\":\"login\",\"username\":\"admin\"}\n"
[2025-09-22 22:23:28] [INFO] onReadyRead bytes= 133
[2025-09-22 22:24:22] [INFO] Application starting. Log: "C:/Users/Edward/Desktop/test/client/build-qt1310/dist/client.log"
[2025-09-22 22:24:22] [INFO] Connecting to 127.0.0.1:8080
[2025-09-22 22:24:22] [INFO] LoginWindow created and shown
[2025-09-22 22:24:22] [DEBUG] Connected to server
[2025-09-22 22:24:34] [INFO] sendJson "{\"password\":\"123456\",\"type\":\"login\",\"username\":\"admin\"}\n"
[2025-09-22 22:24:34] [INFO] sendJson "{\"password\":\"123456\",\"type\":\"login\",\"username\":\"admin\"}\n"
[2025-09-22 22:24:34] [INFO] onReadyRead bytes= 66
[2025-09-22 22:32:14] [INFO] Application starting. Log: "C:/Users/Edward/Desktop/test/client/build-qt1310/dist/client.log"
[2025-09-22 22:32:14] [INFO] Connecting to 127.0.0.1:8080
[2025-09-22 22:32:14] [INFO] LoginWindow created and shown
[2025-09-22 22:32:14] [DEBUG] Connected to server
[2025-09-22 22:32:21] [INFO] sendJson "{\"password\":\"123456\",\"type\":\"login\",\"username\":\"admin\"}\n"
[2025-09-22 22:32:21] [INFO] sendJson "{\"password\":\"123456\",\"type\":\"login\",\"username\":\"admin\"}\n"
[2025-09-22 22:32:21] [INFO] onReadyRead bytes= 66
[2025-09-22 22:32:21] [INFO] Login success, creating MainWindow and handing off socket
[2025-09-22 22:32:21] [INFO] MainWindow constructed
[2025-09-22 22:32:21] [INFO] MainWindow setSocket, state= QAbstractSocket::ConnectedState
[2025-09-22 22:35:20] [INFO] Application starting. Log: "C:/Users/Edward/Desktop/test/client/build-qt1310/dist/client.log"
[2025-09-22 22:35:20] [INFO] Connecting to 127.0.0.1:8080
[2025-09-22 22:35:20] [INFO] LoginWindow created and shown
[2025-09-22 22:35:20] [DEBUG] Connected to server
[2025-09-22 22:35:28] [INFO] sendJson "{\"password\":\"123456\",\"type\":\"login\",\"username\":\"admin\"}\n"
[2025-09-22 22:35:28] [INFO] sendJson "{\"password\":\"123456\",\"type\":\"login\",\"username\":\"admin\"}\n"
[2025-09-22 22:35:28] [INFO] onReadyRead bytes= 66
[2025-09-22 22:35:28] [INFO] Login success, creating MainWindow and handing off socket
[2025-09-22 22:35:28] [INFO] MainWindow constructed
[2025-09-22 22:35:28] [INFO] MainWindow setSocket, state= QAbstractSocket::ConnectedState
[2025-09-22 22:36:51] [INFO] Application starting. Log: "C:/Users/Edward/Desktop/test/client/build-qt1310/dist/client.log"
[2025-09-22 22:36:51] [INFO] Connecting to 127.0.0.1:8080
[2025-09-22 22:36:51] [INFO] LoginWindow created and shown
[2025-09-22 22:36:51] [DEBUG] Connected to server
[2025-09-22 22:36:57] [INFO] sendJson "{\"password\":\"123456\",\"type\":\"login\",\"username\":\"admin\"}\n"
[2025-09-22 22:36:57] [INFO] sendJson "{\"password\":\"123456\",\"type\":\"login\",\"username\":\"admin\"}\n"
[2025-09-22 22:36:57] [INFO] onReadyRead bytes= 66
[2025-09-22 22:36:57] [INFO] Login success, creating MainWindow and handing off socket
[2025-09-22 22:36:57] [INFO] MainWindow constructed
[2025-09-22 22:36:57] [INFO] MainWindow setSocket, state= QAbstractSocket::ConnectedState
[2025-09-22 22:38:49] [INFO] Application starting. Log: "C:/Users/Edward/Desktop/test/client/build-qt1310/dist/client.log"
[2025-09-22 22:38:49] [INFO] Connecting to 127.0.0.1:8080
[2025-09-22 22:38:49] [INFO] LoginWindow created and shown
[2025-09-22 22:38:49] [DEBUG] Connected to server
[2025-09-22 22:39:03] [INFO] sendJson "{\"password\":\"123456\",\"type\":\"login\",\"username\":\"admin\"}\n"
[2025-09-22 22:39:03] [INFO] sendJson "{\"password\":\"123456\",\"type\":\"login\",\"username\":\"admin\"}\n"
[2025-09-22 22:39:03] [INFO] onReadyRead bytes= 66
[2025-09-22 22:39:03] [INFO] Login success, creating MainWindow and handing off socket
[2025-09-22 22:39:03] [INFO] MainWindow constructed
[2025-09-22 22:39:03] [INFO] MainWindow setSocket, state= QAbstractSocket::ConnectedState
[2025-09-22 22:39:54] [INFO] Application starting. Log: "C:/Users/Edward/Desktop/test/client/build-qt1310/dist/client.log"
[2025-09-22 22:39:54] [INFO] Connecting to 127.0.0.1:8080
[2025-09-22 22:39:54] [INFO] LoginWindow created and shown
[2025-09-22 22:39:54] [DEBUG] Connected to server
[2025-09-22 22:40:05] [INFO] sendJson "{\"password\":\"123456\",\"type\":\"login\",\"username\":\"admin\"}\n"
[2025-09-22 22:40:05] [INFO] sendJson "{\"password\":\"123456\",\"type\":\"login\",\"username\":\"admin\"}\n"
[2025-09-22 22:40:05] [INFO] onReadyRead bytes= 66
[2025-09-22 22:40:05] [INFO] Login success, creating MainWindow and handing off socket
[2025-09-22 22:40:05] [INFO] MainWindow constructed
[2025-09-22 22:40:05] [INFO] MainWindow setSocket, state= QAbstractSocket::ConnectedState
[2025-09-22 22:41:23] [INFO] Application starting. Log: "C:/Users/Edward/Desktop/test/client/build-qt1310/dist/client.log"
[2025-09-22 22:41:23] [INFO] Connecting to 127.0.0.1:8080
[2025-09-22 22:41:23] [INFO] LoginWindow created and shown
[2025-09-22 22:41:23] [DEBUG] Connected to server
[2025-09-22 22:41:33] [INFO] sendJson "{\"password\":\"123456\",\"type\":\"login\",\"username\":\"admin\"}\n"
[2025-09-22 22:41:33] [INFO] sendJson "{\"password\":\"123456\",\"type\":\"login\",\"username\":\"admin\"}\n"
[2025-09-22 22:41:33] [INFO] onReadyRead bytes= 66
[2025-09-22 22:41:33] [INFO] Login success, creating MainWindow and handing off socket
[2025-09-22 22:41:33] [INFO] MainWindow constructed
[2025-09-22 22:41:33] [INFO] MainWindow setSocket, state= QAbstractSocket::ConnectedState
[2025-09-22 22:46:11] [INFO] Application starting. Log: "C:/Users/Edward/Desktop/test/client/build-qt1310/dist/client.log"
[2025-09-22 22:46:11] [INFO] Connecting to 127.0.0.1:8080
[2025-09-22 22:46:11] [INFO] LoginWindow created and shown
[2025-09-22 22:46:11] [DEBUG] Connected to server
[2025-09-22 22:46:16] [INFO] sendJson "{\"password\":\"123456\",\"type\":\"login\",\"username\":\"admin\"}\n"
[2025-09-22 22:46:16] [INFO] sendJson "{\"password\":\"123456\",\"type\":\"login\",\"username\":\"admin\"}\n"
[2025-09-22 22:46:16] [INFO] onReadyRead bytes= 66
[2025-09-22 22:46:16] [INFO] Login success, creating MainWindow and handing off socket
[2025-09-22 22:46:16] [INFO] MainWindow constructed
[2025-09-22 22:46:16] [INFO] MainWindow setSocket, state= QAbstractSocket::ConnectedState
[2025-09-22 23:19:07] [INFO] Application starting. Log: "C:/Users/Edward/Desktop/test/client/build-qt1310/dist/client.log"
[2025-09-22 23:19:07] [INFO] Connecting to 127.0.0.1:8080
[2025-09-22 23:19:07] [INFO] LoginWindow created and shown
[2025-09-22 23:19:07] [DEBUG] Connected to server
[2025-09-22 23:19:15] [INFO] sendJson "{\"password\":\"123456\",\"type\":\"login\",\"username\":\"admin\"}\n"
[2025-09-22 23:19:15] [INFO] sendJson "{\"password\":\"123456\",\"type\":\"login\",\"username\":\"admin\"}\n"
[2025-09-22 23:19:15] [INFO] onReadyRead bytes= 66
[2025-09-22 23:19:15] [INFO] Login success, creating MainWindow and handing off socket
[2025-09-22 23:19:15] [INFO] MainWindow constructed
[2025-09-22 23:19:15] [INFO] MainWindow setSocket, state= QAbstractSocket::ConnectedState
[2025-09-22 23:19:31] [WARN] QMetaObject::connectSlotsByName: No matching signal for on_messageInput_returnPressed()
[2025-09-22 23:20:22] [ERROR] Socket error in MainWindow: "The remote host closed the connection"
[2025-09-22 23:20:22] [WARN] Socket disconnected
[2025-09-22 23:20:24] [WARN] QObject::killTimer: Timers cannot be stopped from another thread
[2025-09-22 23:20:24] [WARN] QObject::~QObject: Timers cannot be stopped from another thread
[2025-09-22 23:22:14] [INFO] Application starting. Log: "C:/Users/Edward/Desktop/test/client/build-qt1310/dist/client.log"
[2025-09-22 23:22:14] [INFO] Connecting to 127.0.0.1:8080
[2025-09-22 23:22:14] [INFO] LoginWindow created and shown
[2025-09-22 23:22:14] [DEBUG] Connected to server
[2025-09-22 23:22:21] [INFO] sendJson "{\"password\":\"123456\",\"type\":\"login\",\"username\":\"admin\"}\n"
[2025-09-22 23:22:21] [INFO] sendJson "{\"password\":\"123456\",\"type\":\"login\",\"username\":\"admin\"}\n"
[2025-09-22 23:22:21] [INFO] onReadyRead bytes= 66
[2025-09-22 23:22:21] [INFO] Login success, creating MainWindow and handing off socket
[2025-09-22 23:22:21] [INFO] MainWindow constructed
[2025-09-22 23:22:21] [INFO] MainWindow setSocket, state= QAbstractSocket::ConnectedState
[2025-09-22 23:22:57] [INFO] Application starting. Log: "C:/Users/Edward/Desktop/test/client/build-qt1310/dist/client.log"
[2025-09-22 23:22:57] [INFO] Connecting to 127.0.0.1:8080
[2025-09-22 23:22:57] [INFO] LoginWindow created and shown
[2025-09-22 23:22:57] [DEBUG] Connected to server
[2025-09-22 23:23:08] [INFO] sendJson "{\"password\":\"123456\",\"type\":\"login\",\"username\":\"admin\"}\n"
[2025-09-22 23:23:08] [INFO] sendJson "{\"password\":\"123456\",\"type\":\"login\",\"username\":\"admin\"}\n"
[2025-09-22 23:23:08] [INFO] onReadyRead bytes= 66
[2025-09-22 23:23:08] [INFO] Login success, creating MainWindow and handing off socket
[2025-09-22 23:23:08] [INFO] MainWindow constructed
[2025-09-22 23:23:08] [INFO] MainWindow setSocket, state= QAbstractSocket::ConnectedState
[2025-09-22 23:25:26] [INFO] Application starting. Log: "C:/Users/Edward/Desktop/test/client/build-qt1310/dist/client.log"
[2025-09-22 23:25:26] [INFO] Connecting to 127.0.0.1:8080
[2025-09-22 23:25:26] [INFO] LoginWindow created and shown
[2025-09-22 23:25:26] [DEBUG] Connected to server
[2025-09-22 23:25:33] [INFO] sendJson "{\"password\":\"123456\",\"type\":\"login\",\"username\":\"admin\"}\n"
[2025-09-22 23:25:33] [INFO] sendJson "{\"password\":\"123456\",\"type\":\"login\",\"username\":\"admin\"}\n"
[2025-09-22 23:25:33] [INFO] onReadyRead bytes= 66
[2025-09-22 23:25:33] [INFO] Login success, creating MainWindow and handing off socket
[2025-09-22 23:25:33] [INFO] MainWindow constructed
[2025-09-22 23:25:33] [INFO] MainWindow setSocket, state= QAbstractSocket::ConnectedState
[2025-09-22 23:27:05] [WARN] QMetaObject::connectSlotsByName: No matching signal for on_messageInput_returnPressed()
[2025-09-22 23:28:40] [ERROR] Socket error in MainWindow: "The remote host closed the connection"
[2025-09-22 23:28:40] [WARN] Socket disconnected
[2025-09-22 23:28:41] [WARN] QObject::killTimer: Timers cannot be stopped from another thread
[2025-09-22 23:28:41] [WARN] QObject::~QObject: Timers cannot be stopped from another thread
[2025-09-22 23:28:45] [INFO] Application starting. Log: "C:/Users/Edward/Desktop/test/client/build-qt1310/dist/client.log"
[2025-09-22 23:28:45] [INFO] Connecting to 127.0.0.1:8080
[2025-09-22 23:28:45] [INFO] LoginWindow created and shown
[2025-09-22 23:28:45] [DEBUG] Connected to server
[2025-09-22 23:28:53] [INFO] sendJson "{\"password\":\"123456\",\"type\":\"login\",\"username\":\"admin\"}\n"
[2025-09-22 23:28:53] [INFO] sendJson "{\"password\":\"123456\",\"type\":\"login\",\"username\":\"admin\"}\n"
[2025-09-22 23:28:53] [INFO] onReadyRead bytes= 66
[2025-09-22 23:28:53] [INFO] Login success, creating MainWindow and handing off socket
[2025-09-22 23:28:53] [INFO] MainWindow constructed
[2025-09-22 23:28:53] [INFO] MainWindow setSocket, state= QAbstractSocket::ConnectedState
[2025-09-22 23:30:18] [WARN] QMetaObject::connectSlotsByName: No matching signal for on_messageInput_returnPressed()
[2025-09-22 23:30:35] [WARN] QObject::killTimer: Timers cannot be stopped from another thread
[2025-09-22 23:30:35] [WARN] QObject::~QObject: Timers cannot be stopped from another thread
[2025-09-22 23:30:59] [INFO] Application starting. Log: "C:/Users/Edward/Desktop/test/client/build-qt1310/dist/client.log"
[2025-09-22 23:30:59] [INFO] Connecting to 127.0.0.1:8080
[2025-09-22 23:30:59] [INFO] LoginWindow created and shown
[2025-09-22 23:30:59] [DEBUG] Connected to server
[2025-09-22 23:31:05] [INFO] sendJson "{\"password\":\"123456\",\"type\":\"login\",\"username\":\"admin\"}\n"
[2025-09-22 23:31:05] [INFO] sendJson "{\"password\":\"123456\",\"type\":\"login\",\"username\":\"admin\"}\n"
[2025-09-22 23:31:05] [INFO] onReadyRead bytes= 66
[2025-09-22 23:31:05] [INFO] Login success, creating MainWindow and handing off socket
[2025-09-22 23:31:05] [INFO] MainWindow constructed
[2025-09-22 23:31:05] [INFO] MainWindow setSocket, state= QAbstractSocket::ConnectedState
[2025-09-22 23:32:54] [INFO] Application starting. Log: "C:/Users/Edward/Desktop/test/client/build-qt1310/dist/client.log"
[2025-09-22 23:32:54] [INFO] Connecting to 127.0.0.1:8080
[2025-09-22 23:32:54] [INFO] LoginWindow created and shown
[2025-09-22 23:32:54] [DEBUG] Connected to server
[2025-09-23 08:04:19] [INFO] Application starting. Log: "C:/Users/Edward/Desktop/test/client/build-qt1310/dist/client.log"
[2025-09-23 08:04:19] [INFO] Connecting to 127.0.0.1:8080
[2025-09-23 08:04:19] [INFO] LoginWindow created and shown
[2025-09-23 08:04:19] [DEBUG] Connected to server
[2025-09-23 08:04:29] [INFO] sendJson "{\"password\":\"123456\",\"type\":\"login\",\"username\":\"admin\"}\n"
[2025-09-23 08:04:29] [INFO] sendJson "{\"password\":\"123456\",\"type\":\"login\",\"username\":\"admin\"}\n"
[2025-09-23 08:04:29] [INFO] onReadyRead bytes= 66
[2025-09-23 08:04:29] [INFO] Login success, creating MainWindow and handing off socket
[2025-09-23 08:04:29] [INFO] MainWindow constructed
[2025-09-23 08:04:29] [INFO] MainWindow setSocket, state= QAbstractSocket::ConnectedState
[2025-09-23 08:05:04] [ERROR] Socket error in MainWindow: "The remote host closed the connection"
[2025-09-23 08:05:04] [WARN] Socket disconnected
[2025-09-23 11:52:14] [INFO] Application starting. Log: "C:/Users/Edward/Desktop/test/client/build-qt1310/dist/client.log"
[2025-09-23 11:52:14] [INFO] Connecting to 127.0.0.1:8080
[2025-09-23 11:52:14] [INFO] LoginWindow created and shown
[2025-09-23 11:52:14] [DEBUG] Connected to server
[2025-09-23 11:52:26] [INFO] sendJson "{\"password\":\"123456\",\"type\":\"login\",\"username\":\"admin\"}\n"
[2025-09-23 11:52:26] [INFO] sendJson "{\"password\":\"123456\",\"type\":\"login\",\"username\":\"admin\"}\n"
[2025-09-23 11:52:26] [INFO] onReadyRead bytes= 66
[2025-09-23 11:52:26] [INFO] Login success, creating MainWindow and handing off socket
[2025-09-23 11:52:26] [INFO] MainWindow constructed
[2025-09-23 11:52:26] [INFO] MainWindow setSocket, state= QAbstractSocket::ConnectedState
[2025-09-23 11:52:35] [WARN] QObject::killTimer: Timers cannot be stopped from another thread
[2025-09-23 11:52:35] [WARN] QObject::~QObject: Timers cannot be stopped from another thread
[2025-09-23 13:07:05] [INFO] Application starting. Log: "C:/Users/Edward/Desktop/test/client/build-qt1310/dist/client.log"
[2025-09-23 13:07:05] [INFO] Connecting to 127.0.0.1:8080
[2025-09-23 13:07:05] [INFO] LoginWindow created and shown
[2025-09-25 16:37:03] [INFO] Application starting. Log: "C:/Users/Edward/Desktop/test/client/build-qt1310/dist/client.log"
[2025-09-25 16:37:03] [INFO] Connecting to 127.0.0.1:8080
[2025-09-25 16:37:03] [INFO] LoginWindow created and shown
[2025-09-25 16:37:03] [DEBUG] Connected to server
[2025-09-25 16:37:20] [INFO] sendJson "{\"password\":\"123456\",\"type\":\"register\",\"username\":\"cyzz\"}\n"
[2025-09-25 16:37:20] [INFO] onReadyRead bytes= 69
[2025-09-25 16:37:37] [INFO] sendJson "{\"password\":\"123456\",\"type\":\"login\",\"username\":\"cyzz\"}\n"
[2025-09-25 16:37:37] [INFO] sendJson "{\"password\":\"123456\",\"type\":\"login\",\"username\":\"cyzz\"}\n"
[2025-09-25 16:37:37] [INFO] onReadyRead bytes= 66
[2025-09-25 16:37:37] [INFO] Login success, creating MainWindow and handing off socket
[2025-09-25 16:37:37] [INFO] MainWindow constructed
[2025-09-25 16:37:37] [INFO] MainWindow setSocket, state= QAbstractSocket::ConnectedState
[2025-09-25 16:37:41] [WARN] QObject::killTimer: Timers cannot be stopped from another thread
[2025-09-25 16:37:41] [WARN] QObject::~QObject: Timers cannot be stopped from another thread
[2025-09-25 16:38:16] [INFO] Application starting. Log: "C:/Users/Edward/Desktop/test/client/build-qt1310/dist/client.log"
[2025-09-25 16:38:16] [INFO] Connecting to 127.0.0.1:8080
[2025-09-25 16:38:16] [INFO] LoginWindow created and shown
[2025-09-25 16:38:16] [DEBUG] Connected to server
[2025-09-27 13:00:48] [INFO] Application starting. Log: "C:/Users/Edward/Desktop/test/client/build-qt1310/dist/client.log"
[2025-09-27 13:00:48] [INFO] Connecting to 127.0.0.1:8080
[2025-09-27 13:00:48] [INFO] LoginWindow created and shown
[2025-09-27 13:00:49] [DEBUG] Connected to server
[2025-09-27 21:58:11] [INFO] Application starting. Log: "C:/Users/Edward/Desktop/test/client/build-qt1310/dist/client.log"
[2025-09-27 21:58:11] [INFO] Connecting to 127.0.0.1:8080
[2025-09-27 21:58:11] [INFO] LoginWindow created and shown
[2025-09-27 21:59:48] [INFO] Application starting. Log: "C:/Users/Edward/Desktop/test/client/build-qt1310/dist/client.log"
[2025-09-27 21:59:48] [INFO] Connecting to 127.0.0.1:8080
[2025-09-27 21:59:48] [INFO] LoginWindow created and shown
[2025-09-27 21:59:48] [DEBUG] Connected to server
[2025-09-27 22:03:09] [INFO] Application starting. Log: "C:/Users/Edward/Desktop/test/client/build-qt1310/dist/client.log"
[2025-09-27 22:03:09] [INFO] Connecting to 127.0.0.1:8080
[2025-09-27 22:03:09] [INFO] LoginWindow created and shown
[2025-09-27 22:03:39] [INFO] Application starting. Log: "C:/Users/Edward/Desktop/test/client/build-qt1310/dist/client.log"
[2025-09-27 22:03:39] [INFO] Connecting to 127.0.0.1:8080
[2025-09-27 22:03:39] [INFO] LoginWindow created and shown
[2025-09-27 22:03:39] [DEBUG] Connected to server
[2025-09-27 22:03:46] [INFO] sendJson "{\"password\":\"111111\",\"type\":\"login\",\"username\":\"qwq\"}\n"
[2025-09-27 22:03:46] [INFO] onReadyRead bytes= 66
[2025-09-27 22:03:46] [INFO] Login success, creating MainWindow and handing off socket
[2025-09-27 22:03:46] [WARN] QMetaObject::connectSlotsByName: No matching signal for on_prevPage_clicked()
[2025-09-27 22:03:46] [WARN] QMetaObject::connectSlotsByName: No matching signal for on_nextPage_clicked()
[2025-09-27 22:03:46] [INFO] MainWindow constructed
[2025-09-27 22:03:46] [INFO] setupConnections: searchButton= 0x286059e13e0 cartButton= 0x286059ff8a0 chatButton= 0x286059fefa0
[2025-09-27 22:03:46] [INFO] setupConnections: findChild(cartButton) matches ui->cartButton
[2025-09-27 22:03:46] [INFO] MainWindow setSocket, state= QAbstractSocket::ConnectedState
[2025-09-27 22:03:46] [INFO] recv carousel_data images= 3
[2025-09-27 22:03:46] [INFO] recv promotions count= 2
[2025-09-27 22:03:46] [INFO] recv recommendations products= 4
[2025-09-27 22:03:48] [INFO] recv products_response total= 22  page= 1
[2025-09-27 22:03:52] [WARN] QMetaObject::connectSlotsByName: No matching signal for on_prevPage_clicked()
[2025-09-27 22:03:52] [WARN] QMetaObject::connectSlotsByName: No matching signal for on_nextPage_clicked()
[2025-09-27 22:03:52] [INFO] ShoppingCart ctor: checkoutButton? true deleteButton? false totalLabel? false cartTable? true
[2025-09-27 22:03:52] [INFO] [cart_load] empty cart
[2025-09-27 22:03:52] [INFO] [cart_load] skip duplicate build sig= "0|"
[2025-09-27 22:03:55] [WARN] QMetaObject::connectSlotsByName: No matching signal for on_messageInput_returnPressed()
[2025-09-27 22:03:59] [INFO] recv products_response total= 22  page= 1
[2025-09-27 22:04:00] [WARN] Socket disconnected
[2025-09-29 18:31:37] [INFO] Application starting. Log: "C:/Users/Edward/Desktop/test/client/build-qt1310/dist/client.log"
[2025-09-29 18:31:37] [INFO] Connecting to 127.0.0.1:8080
[2025-09-29 18:31:37] [INFO] LoginWindow created and shown
[2025-09-29 18:31:42] [ERROR] Socket error: "Connection refused"
[2025-10-01 15:04:59] [INFO] Application starting. Log: "C:/Users/Edward/Desktop/test/client/build-qt1310/dist/client.log"
[2025-10-01 15:04:59] [INFO] Connecting to 127.0.0.1:8080
[2025-10-01 15:04:59] [INFO] LoginWindow created and shown
[2025-10-01 15:05:03] [ERROR] Socket error: "Connection refused"
[2025-10-10 08:16:10] [INFO] Application starting. Log: "C:/Users/Edward/Desktop/test/client/build-qt1310/dist/client.log"
[2025-10-10 08:16:10] [INFO] Connecting to 127.0.0.1:8080
[2025-10-10 08:16:10] [INFO] LoginWindow created and shown
[2025-10-10 08:23:58] [INFO] Application starting. Log: "C:/Users/Edward/Desktop/test/client/build-qt1310/dist/client.log"
[2025-10-10 08:23:58] [INFO] Connecting to 127.0.0.1:8080
[2025-10-10 08:23:58] [INFO] LoginWindow created and shown
[2025-10-10 08:23:58] [DEBUG] Connected to server
[2025-10-10 08:24:05] [INFO] sendJson "{\"password\":\"123456\",\"type\":\"login\",\"username\":\"cyz\"}\n"
[2025-10-10 08:24:05] [INFO] onReadyRead bytes= 66
[2025-10-10 08:24:05] [INFO] Login success, creating MainWindow and handing off socket
[2025-10-10 08:24:05] [WARN] QMetaObject::connectSlotsByName: No matching signal for on_prevPage_clicked()
[2025-10-10 08:24:05] [WARN] QMetaObject::connectSlotsByName: No matching signal for on_nextPage_clicked()
[2025-10-10 08:24:05] [INFO] MainWindow constructed
[2025-10-10 08:24:05] [INFO] setupConnections: searchButton= 0x18a54c422b0 cartButton= 0x18a54c42670 chatButton= 0x18a54c424c0
[2025-10-10 08:24:05] [INFO] setupConnections: findChild(cartButton) matches ui->cartButton
[2025-10-10 08:24:05] [INFO] MainWindow setSocket, state= QAbstractSocket::ConnectedState
[2025-10-10 08:24:05] [INFO] HTTP base resolved to "http://localhost:8081"
[2025-10-10 08:24:05] [INFO] recv carousel_data images= 3
[2025-10-10 08:24:05] [INFO] recv recommendations products= 4
[2025-10-10 08:24:07] [WARN] QMetaObject::connectSlotsByName: No matching signal for on_messageInput_returnPressed()
[2025-10-10 08:25:37] [INFO] Application starting. Log: "C:/Users/Edward/Desktop/test/client/build-qt1310/dist/client.log"
[2025-10-10 08:25:37] [INFO] Connecting to 127.0.0.1:8080
[2025-10-10 08:25:37] [INFO] LoginWindow created and shown
[2025-10-10 08:25:37] [DEBUG] Connected to server
[2025-10-10 08:25:44] [INFO] sendJson "{\"password\":\"123456\",\"type\":\"login\",\"username\":\"cyz\"}\n"
[2025-10-10 08:25:44] [INFO] onReadyRead bytes= 66
[2025-10-10 08:25:44] [INFO] Login success, creating MainWindow and handing off socket
[2025-10-10 08:25:44] [WARN] QMetaObject::connectSlotsByName: No matching signal for on_prevPage_clicked()
[2025-10-10 08:25:44] [WARN] QMetaObject::connectSlotsByName: No matching signal for on_nextPage_clicked()
[2025-10-10 08:25:44] [INFO] MainWindow constructed
[2025-10-10 08:25:44] [INFO] setupConnections: searchButton= 0x1b31e2fa440 cartButton= 0x1b31e2fa110 chatButton= 0x1b31e2fab00
[2025-10-10 08:25:44] [INFO] setupConnections: findChild(cartButton) matches ui->cartButton
[2025-10-10 08:25:44] [INFO] MainWindow setSocket, state= QAbstractSocket::ConnectedState
[2025-10-10 08:25:44] [INFO] HTTP base resolved to "http://localhost:8081"
[2025-10-10 08:25:44] [INFO] recv carousel_data images= 3
[2025-10-10 08:25:44] [INFO] recv recommendations products= 4
[2025-10-10 08:25:45] [WARN] QMetaObject::connectSlotsByName: No matching signal for on_messageInput_returnPressed()
[2025-10-10 08:26:15] [WARN] shellItem : Unhandled scheme:  "data"
[2025-10-10 08:26:28] [WARN] Socket disconnected
[2025-10-10 08:26:28] [WARN] QObject::killTimer: Timers cannot be stopped from another thread
[2025-10-10 08:26:28] [WARN] QObject::~QObject: Timers cannot be stopped from another thread
[2025-10-10 09:05:35] [INFO] Application starting. Log: "C:/Users/Edward/Desktop/test/client/build-qt1310/dist/client.log"
[2025-10-10 09:05:35] [INFO] Connecting to 127.0.0.1:8080
[2025-10-10 09:05:35] [INFO] LoginWindow created and shown
[2025-10-10 09:05:39] [ERROR] Socket error: "Connection refused"
[2025-10-10 09:05:43] [INFO] sendJson "{\"password\":\"123456\",\"type\":\"login\",\"username\":\"cyz\"}\n"
[2025-10-10 09:05:43] [INFO] Connecting to 127.0.0.1:8080
[2025-10-10 09:05:47] [ERROR] Socket error: "Connection refused"
[2025-10-10 09:06:10] [INFO] Application starting. Log: "C:/Users/Edward/Desktop/test/client/build-qt1310/dist/client.log"
[2025-10-10 09:06:10] [INFO] Connecting to 127.0.0.1:8080
[2025-10-10 09:06:10] [INFO] LoginWindow created and shown
[2025-10-10 09:06:10] [DEBUG] Connected to server
[2025-10-10 09:06:17] [INFO] sendJson "{\"password\":\"123456\",\"type\":\"login\",\"username\":\"cyz\"}\n"
[2025-10-10 09:06:18] [INFO] onReadyRead bytes= 66
[2025-10-10 09:06:18] [INFO] Login success, creating MainWindow and handing off socket
[2025-10-10 09:06:18] [WARN] QMetaObject::connectSlotsByName: No matching signal for on_prevPage_clicked()
[2025-10-10 09:06:18] [WARN] QMetaObject::connectSlotsByName: No matching signal for on_nextPage_clicked()
[2025-10-10 09:06:18] [INFO] MainWindow constructed
[2025-10-10 09:06:18] [INFO] setupConnections: searchButton= 0x25e45979d50 cartButton= 0x25e4597a320 chatButton= 0x25e4597a860
[2025-10-10 09:06:18] [INFO] setupConnections: findChild(cartButton) matches ui->cartButton
[2025-10-10 09:06:18] [INFO] MainWindow setSocket, state= QAbstractSocket::ConnectedState
[2025-10-10 09:06:18] [INFO] HTTP base resolved to "http://localhost:8081"
[2025-10-10 09:06:18] [INFO] recv carousel_data images= 3
[2025-10-10 09:06:18] [INFO] recv recommendations products= 4
[2025-10-10 09:06:19] [WARN] QMetaObject::connectSlotsByName: No matching signal for on_messageInput_returnPressed()
[2025-10-10 09:07:03] [WARN] Socket disconnected
[2025-10-10 09:07:04] [WARN] QObject::killTimer: Timers cannot be stopped from another thread
[2025-10-10 09:07:04] [WARN] QObject::~QObject: Timers cannot be stopped from another thread
[2025-10-10 09:12:47] [INFO] Application starting. Log: "C:/Users/Edward/Desktop/test/client/build-qt1310/dist/client.log"
[2025-10-10 09:12:47] [INFO] Connecting to 127.0.0.1:8080
[2025-10-10 09:12:47] [INFO] LoginWindow created and shown
[2025-10-10 09:12:47] [DEBUG] Connected to server
[2025-10-10 09:12:54] [INFO] sendJson "{\"password\":\"123456\",\"type\":\"login\",\"username\":\"cyz\"}\n"
[2025-10-10 09:12:54] [INFO] onReadyRead bytes= 66
[2025-10-10 09:12:54] [INFO] Login success, creating MainWindow and handing off socket
[2025-10-10 09:12:54] [WARN] QMetaObject::connectSlotsByName: No matching signal for on_prevPage_clicked()
[2025-10-10 09:12:54] [WARN] QMetaObject::connectSlotsByName: No matching signal for on_nextPage_clicked()
[2025-10-10 09:12:54] [INFO] MainWindow constructed
[2025-10-10 09:12:54] [INFO] setupConnections: searchButton= 0x1720584ac60 cartButton= 0x1720584b350 chatButton= 0x1720584b170
[2025-10-10 09:12:54] [INFO] setupConnections: findChild(cartButton) matches ui->cartButton
[2025-10-10 09:12:54] [INFO] MainWindow setSocket, state= QAbstractSocket::ConnectedState
[2025-10-10 09:12:54] [INFO] HTTP base resolved to "http://localhost:8081"
[2025-10-10 09:12:54] [INFO] recv carousel_data images= 3
[2025-10-10 09:12:54] [INFO] recv recommendations products= 4
[2025-10-10 09:12:55] [WARN] QMetaObject::connectSlotsByName: No matching signal for on_messageInput_returnPressed()
[2025-10-10 09:13:28] [WARN] Socket disconnected
[2025-10-10 09:13:28] [WARN] QObject::killTimer: Timers cannot be stopped from another thread
[2025-10-10 09:13:28] [WARN] QObject::~QObject: Timers cannot be stopped from another thread
[2025-10-10 09:20:43] [INFO] Application starting. Log: "C:/Users/Edward/Desktop/test/client/build-qt1310/dist/client.log"
[2025-10-10 09:20:43] [INFO] Connecting to 127.0.0.1:8080
[2025-10-10 09:20:43] [INFO] LoginWindow created and shown
[2025-10-10 09:20:43] [DEBUG] Connected to server
[2025-10-10 09:20:54] [INFO] sendJson "{\"password\":\"123456\",\"type\":\"login\",\"username\":\"cyz\"}\n"
[2025-10-10 09:20:54] [INFO] onReadyRead bytes= 66
[2025-10-10 09:20:54] [INFO] Login success, creating MainWindow and handing off socket
[2025-10-10 09:20:54] [WARN] QMetaObject::connectSlotsByName: No matching signal for on_prevPage_clicked()
[2025-10-10 09:20:54] [WARN] QMetaObject::connectSlotsByName: No matching signal for on_nextPage_clicked()
[2025-10-10 09:20:54] [INFO] MainWindow constructed
[2025-10-10 09:20:54] [INFO] setupConnections: searchButton= 0x2132f999e10 cartButton= 0x2132f99a140 chatButton= 0x2132f99ab00
[2025-10-10 09:20:54] [INFO] setupConnections: findChild(cartButton) matches ui->cartButton
[2025-10-10 09:20:54] [INFO] MainWindow setSocket, state= QAbstractSocket::ConnectedState
[2025-10-10 09:20:54] [INFO] HTTP base resolved to "http://localhost:8081"
[2025-10-10 09:20:54] [INFO] recv carousel_data images= 3
[2025-10-10 09:20:54] [INFO] recv recommendations products= 4
[2025-10-10 09:20:56] [WARN] QMetaObject::connectSlotsByName: No matching signal for on_messageInput_returnPressed()
[2025-10-10 09:21:36] [WARN] QObject::killTimer: Timers cannot be stopped from another thread
[2025-10-10 09:21:36] [WARN] QObject::~QObject: Timers cannot be stopped from another thread
[2025-10-10 09:22:47] [INFO] Application starting. Log: "C:/Users/Edward/Desktop/test/client/build-qt1310/dist/client.log"
[2025-10-10 09:22:47] [INFO] Connecting to 127.0.0.1:8080
[2025-10-10 09:22:48] [INFO] LoginWindow created and shown
[2025-10-10 09:22:48] [DEBUG] Connected to server
[2025-10-10 09:22:55] [INFO] sendJson "{\"password\":\"123456\",\"type\":\"login\",\"username\":\"cyz\"}\n"
[2025-10-10 09:22:55] [INFO] onReadyRead bytes= 66
[2025-10-10 09:22:55] [INFO] Login success, creating MainWindow and handing off socket
[2025-10-10 09:22:55] [WARN] QMetaObject::connectSlotsByName: No matching signal for on_prevPage_clicked()
[2025-10-10 09:22:55] [WARN] QMetaObject::connectSlotsByName: No matching signal for on_nextPage_clicked()
[2025-10-10 09:22:55] [INFO] MainWindow constructed
[2025-10-10 09:22:55] [INFO] setupConnections: searchButton= 0x1c49d2d17c0 cartButton= 0x1c49d2c1260 chatButton= 0x1c49d2fb560
[2025-10-10 09:22:55] [INFO] setupConnections: findChild(cartButton) matches ui->cartButton
[2025-10-10 09:22:55] [INFO] MainWindow setSocket, state= QAbstractSocket::ConnectedState
[2025-10-10 09:22:55] [INFO] HTTP base resolved to "http://localhost:8081"
[2025-10-10 09:22:55] [INFO] recv carousel_data images= 3
[2025-10-10 09:22:55] [INFO] recv recommendations products= 4
[2025-10-10 09:22:56] [INFO] recv products_response total= 22  page= 1
[2025-10-10 09:22:58] [WARN] QMetaObject::connectSlotsByName: No matching signal for on_prevPage_clicked()
[2025-10-10 09:22:58] [WARN] QMetaObject::connectSlotsByName: No matching signal for on_nextPage_clicked()
[2025-10-10 09:22:58] [INFO] ShoppingCart ctor: checkoutButton? true deleteButton? false totalLabel? false cartTable? true
[2025-10-10 09:22:58] [INFO] [cart_load] empty cart
[2025-10-10 09:22:58] [INFO] [cart_load] skip duplicate build sig= "0|"
[2025-10-10 09:23:01] [WARN] QMetaObject::connectSlotsByName: No matching signal for on_messageInput_returnPressed()
[2025-10-10 09:23:06] [WARN] QWaitCondition: Destroyed while threads are still waiting
[2025-10-10 09:23:06] [WARN] QObject::killTimer: Timers cannot be stopped from another thread
[2025-10-10 09:23:06] [WARN] QObject::~QObject: Timers cannot be stopped from another thread
